I'm sorry, but errors were detected in your script. Please correct the
errors listed below, and try again.


File "game/script.rpy", line 38: Line is indented, but the preceding say statement statement does not expect a block. Please check this line's indentation. You may have forgotten a colon (:).
    return
    ^

File "game/script.rpy", line 43: Line is indented, but the preceding say statement statement does not expect a block. Please check this line's indentation. You may have forgotten a colon (:).
    return
    ^

File "game/script.rpy", line 48: Line is indented, but the preceding say statement statement does not expect a block. Please check this line's indentation. You may have forgotten a colon (:).
    return
    ^

Ren'Py Version: Ren'Py 8.3.0.24082114
Fri Oct  4 18:18:21 2024
